\BOOKMARK [1][-]{section.1}{\376\377\000I\000n\000t\000r\000o\000d\000u\000c\000c\000i\000\363\000n\000\040\000y\000\040\000F\000i\000l\000o\000s\000o\000f\000\355\000a\000\040\000d\000e\000l\000\040\000S\000i\000s\000t\000e\000m\000a}{}% 1
\BOOKMARK [1][-]{section.2}{\376\377\000R\000e\000q\000u\000i\000s\000i\000t\000o\000s\000\040\000y\000\040\000M\000o\000d\000a\000l\000i\000d\000a\000d\000e\000s\000\040\000d\000e\000\040\000D\000e\000s\000p\000l\000i\000e\000g\000u\000e}{}% 2
\BOOKMARK [2][-]{subsection.2.1}{\376\377\000M\000o\000d\000a\000l\000i\000d\000a\000d\000\040\000U\000s\000u\000a\000r\000i\000o\000\040\000F\000i\000n\000a\000l\000\040\000\050\000C\000l\000o\000u\000d\000\040\000/\000\040\000W\000e\000b\000\051}{section.2}% 3
\BOOKMARK [2][-]{subsection.2.2}{\376\377\000M\000o\000d\000a\000l\000i\000d\000a\000d\000\040\000D\000e\000s\000a\000r\000r\000o\000l\000l\000a\000d\000o\000r\000\040\000\050\000E\000j\000e\000c\000u\000c\000i\000\363\000n\000\040\000L\000o\000c\000a\000l\000\051}{section.2}% 4
\BOOKMARK [1][-]{section.3}{\376\377\000G\000u\000\355\000a\000\040\000E\000x\000h\000a\000u\000s\000t\000i\000v\000a\000\040\000d\000e\000\040\000M\000\363\000d\000u\000l\000o\000s\000\040\000d\000e\000l\000\040\000S\000i\000s\000t\000e\000m\000a}{}% 5
\BOOKMARK [2][-]{subsection.3.1}{\376\377\0001\000.\000\040\000H\000e\000r\000r\000a\000m\000i\000e\000n\000t\000a\000s\000\040\000\050\000D\000a\000s\000h\000b\000o\000a\000r\000d\000\051}{section.3}% 6
\BOOKMARK [2][-]{subsection.3.2}{\376\377\0002\000.\000\040\000I\000d\000e\000a\000c\000i\000\363\000n\000\040\000\050\000L\000l\000u\000v\000i\000a\000\040\000d\000e\000\040\000I\000d\000e\000a\000s\000\040\000A\000s\000i\000s\000t\000i\000d\000a\000\051}{section.3}% 7
\BOOKMARK [2][-]{subsection.3.3}{\376\377\0003\000.\000\040\000C\000o\000n\000s\000t\000r\000u\000c\000c\000i\000\363\000n\000\040\000d\000e\000l\000\040\000T\000\355\000t\000u\000l\000o}{section.3}% 8
\BOOKMARK [2][-]{subsection.3.4}{\376\377\0004\000.\000\040\000P\000r\000e\000g\000u\000n\000t\000a\000\040\000d\000e\000\040\000I\000n\000v\000e\000s\000t\000i\000g\000a\000c\000i\000\363\000n}{section.3}% 9
\BOOKMARK [2][-]{subsection.3.5}{\376\377\0005\000.\000\040\000P\000l\000a\000n\000t\000e\000a\000m\000i\000e\000n\000t\000o\000\040\000d\000e\000l\000\040\000P\000r\000o\000b\000l\000e\000m\000a}{section.3}% 10
\BOOKMARK [2][-]{subsection.3.6}{\376\377\0006\000.\000\040\000J\000u\000s\000t\000i\000f\000i\000c\000a\000c\000i\000\363\000n}{section.3}% 11
\BOOKMARK [2][-]{subsection.3.7}{\376\377\0007\000.\000\040\000A\000l\000c\000a\000n\000c\000e\000s\000\040\000y\000\040\000L\000i\000m\000i\000t\000a\000c\000i\000o\000n\000e\000s}{section.3}% 12
\BOOKMARK [2][-]{subsection.3.8}{\376\377\0008\000.\000\040\000O\000b\000j\000e\000t\000i\000v\000o\000s\000\040\000\050\000T\000a\000x\000o\000n\000o\000m\000\355\000a\000\040\000d\000e\000\040\000B\000l\000o\000o\000m\000\051}{section.3}% 13
\BOOKMARK [2][-]{subsection.3.9}{\376\377\0009\000.\000\040\000I\000n\000t\000r\000o\000d\000u\000c\000c\000i\000\363\000n}{section.3}% 14
\BOOKMARK [2][-]{subsection.3.10}{\376\377\0001\0000\000.\000\040\000M\000a\000r\000c\000o\000\040\000R\000e\000f\000e\000r\000e\000n\000c\000i\000a\000l\000\040\000\050\000A\000n\000t\000e\000c\000e\000d\000e\000n\000t\000e\000s\000\051}{section.3}% 15
\BOOKMARK [2][-]{subsection.3.11}{\376\377\0001\0001\000.\000\040\000M\000e\000t\000o\000d\000o\000l\000o\000g\000\355\000a}{section.3}% 16
\BOOKMARK [2][-]{subsection.3.12}{\376\377\0001\0002\000.\000\040\000P\000o\000b\000l\000a\000c\000i\000\363\000n\000\040\000y\000\040\000M\000u\000e\000s\000t\000r\000a}{section.3}% 17
\BOOKMARK [2][-]{subsection.3.13}{\376\377\0001\0003\000.\000\040\000P\000l\000a\000n\000\040\000d\000e\000\040\000A\000n\000\341\000l\000i\000s\000i\000s\000\040\000e\000\040\000I\000n\000s\000t\000r\000u\000m\000e\000n\000t\000o\000s}{section.3}% 18
\BOOKMARK [2][-]{subsection.3.14}{\376\377\0001\0004\000.\000\040\000C\000r\000o\000n\000o\000g\000r\000a\000m\000a}{section.3}% 19
\BOOKMARK [2][-]{subsection.3.15}{\376\377\0001\0005\000.\000\040\000P\000r\000e\000s\000u\000p\000u\000e\000s\000t\000o}{section.3}% 20
\BOOKMARK [2][-]{subsection.3.16}{\376\377\0001\0006\000.\000\040\000D\000O\000I\000\040\000t\000o\000\040\000C\000i\000t\000e\000\040\000\050\000U\000t\000i\000l\000i\000d\000a\000d\000\040\000d\000e\000\040\000C\000i\000t\000a\000c\000i\000\363\000n\000\051}{section.3}% 21
\BOOKMARK [1][-]{section.4}{\376\377\000B\000u\000e\000n\000a\000s\000\040\000P\000r\000\341\000c\000t\000i\000c\000a\000s\000\040\000\050\000I\000n\000g\000e\000n\000i\000e\000r\000\355\000a\000\040\000d\000e\000\040\000P\000r\000o\000m\000p\000t\000s\000\040\000A\000c\000a\000d\000\351\000m\000i\000c\000a\000\051}{}% 22
\BOOKMARK [1][-]{section.5}{\376\377\000M\000a\000n\000e\000j\000o\000\040\000d\000e\000\040\000E\000r\000r\000o\000r\000e\000s\000\040\000y\000\040\000S\000o\000l\000u\000c\000i\000\363\000n\000\040\000d\000e\000\040\000P\000r\000o\000b\000l\000e\000m\000a\000s\000\040\000A\000v\000a\000n\000z\000a\000d\000o\000\040\000\050\000T\000r\000o\000u\000b\000l\000e\000s\000h\000o\000o\000t\000i\000n\000g\000\051}{}% 23
\BOOKMARK [1][-]{section.6}{\376\377\000P\000r\000i\000v\000a\000c\000i\000d\000a\000d\000,\000\040\000R\000e\000s\000g\000u\000a\000r\000d\000o\000\040\000y\000\040\000M\000a\000n\000e\000j\000o\000\040\000A\000n\000t\000i\000-\000P\000l\000a\000g\000i\000o}{}% 24
\BOOKMARK [2][-]{subsection.6.1}{\376\377\000P\000o\000l\000\355\000t\000i\000c\000a\000\040\000d\000e\000\040\000D\000a\000t\000o\000s\000\040\000V\000o\000l\000\341\000t\000i\000l\000e\000s}{section.6}% 25
\BOOKMARK [2][-]{subsection.6.2}{\376\377\000G\000u\000\355\000a\000\040\000d\000e\000\040\000E\000x\000p\000o\000r\000t\000a\000c\000i\000\363\000n\000\040\000a\000\040\000M\000i\000c\000r\000o\000s\000o\000f\000t\000\040\000W\000o\000r\000d}{section.6}% 26
\BOOKMARK [2][-]{subsection.6.3}{\376\377\000C\000o\000n\000s\000i\000d\000e\000r\000a\000c\000i\000o\000n\000e\000s\000\040\000s\000o\000b\000r\000e\000\040\000P\000l\000a\000g\000i\000o\000\040\000y\000\040\000T\000u\000r\000n\000i\000t\000i\000n}{section.6}% 27
